src/app/api/cron/expire-payments/route.ts(61,17): error TS2322: Type '"CANCELLED"' is not assignable to type 'OrderStatus | EnumOrderStatusFieldUpdateOperationsInput | undefined'.
src/app/api/deliveries/[orderId]/route.ts(135,15): error TS2322: Type '"DELIVERED"' is not assignable to type 'OrderStatus | EnumOrderStatusFieldUpdateOperationsInput | undefined'.
src/app/api/me/ratings/route.ts(47,33): error TS2322: Type '"DELIVERED"' is not assignable to type 'OrderStatus | EnumOrderStatusFilter<"Order"> | undefined'.
src/app/api/me/reviews/route.ts(39,45): error TS2322: Type '"DELIVERED"' is not assignable to type 'OrderStatus | EnumOrderStatusFilter<"Order"> | undefined'.
src/app/api/me/stats/route.ts(12,33): error TS2322: Type '"DELIVERED"' is not assignable to type 'OrderStatus | EnumOrderStatusFilter<"Order"> | undefined'.
src/app/api/me/stats/route.ts(35,17): error TS18048: 'spentAgg._sum' is possibly 'undefined'.
src/app/api/orders/[orderId]/cancel/route.ts(50,13): error TS2322: Type '"CANCELLED"' is not assignable to type 'OrderStatus | EnumOrderStatusFieldUpdateOperationsInput | undefined'.
src/app/api/orders/route.ts(33,7): error TS2353: Object literal may only specify known properties, and 'estimatedTime' does not exist in type 'OrderSelect<DefaultArgs>'.
src/app/api/restaurants/[id]/billing/stream/route.ts(70,46): error TS2322: Type '"PREPARING"' is not assignable to type 'OrderStatus'.
src/app/api/restaurants/[id]/billing/stream/route.ts(70,59): error TS2322: Type '"READY"' is not assignable to type 'OrderStatus'.
src/app/api/restaurants/[id]/billing/stream/route.ts(74,34): error TS2322: Type '"DELIVERED"' is not assignable to type 'OrderStatus'.
src/app/api/restaurants/[id]/billing/stream/route.ts(74,47): error TS2322: Type '"CANCELLED"' is not assignable to type 'OrderStatus'.
src/app/api/restaurants/[id]/billing/stream/route.ts(91,15): error TS2353: Object literal may only specify known properties, and 'estimatedTime' does not exist in type 'OrderSelect<DefaultArgs>'.
src/app/api/restaurants/[id]/billing/stream/route.ts(122,19): error TS2339: Property 'payment' does not exist on type '{ id: string; createdAt: Date; updatedAt: Date; restaurantId: string; type: OrderType; userId: string | null; orderNo: string; tableNo: number | null; roomNo: string | null; ... 20 more ...; couponDiscount: number; }'.
src/app/api/restaurants/[id]/billing/stream/route.ts(123,19): error TS2339: Property 'payment' does not exist on type '{ id: string; createdAt: Date; updatedAt: Date; restaurantId: string; type: OrderType; userId: string | null; orderNo: string; tableNo: number | null; roomNo: string | null; ... 20 more ...; couponDiscount: number; }'.
src/app/api/restaurants/[id]/billing/stream/route.ts(124,28): error TS2339: Property 'payment' does not exist on type '{ id: string; createdAt: Date; updatedAt: Date; restaurantId: string; type: OrderType; userId: string | null; orderNo: string; tableNo: number | null; roomNo: string | null; ... 20 more ...; couponDiscount: number; }'.
src/app/api/restaurants/[id]/financials/route.ts(29,7): error TS2322: Type '"DELIVERED"' is not assignable to type 'OrderStatus | EnumOrderStatusFilter<"Order"> | undefined'.
src/app/api/restaurants/[id]/menu/[itemId]/ratings/route.ts(36,9): error TS2322: Type '"DELIVERED"' is not assignable to type 'OrderStatus | EnumOrderStatusFilter<"Order"> | undefined'.
src/app/api/restaurants/[id]/orders/[orderId]/route.ts(49,7): error TS2353: Object literal may only specify known properties, and 'estimatedTime' does not exist in type 'OrderSelect<DefaultArgs>'.
src/app/api/restaurants/[id]/orders/[orderId]/route.ts(164,7): error TS2322: Type '"ACCEPTED" | "REJECTED" | "CANCELLED" | "DELIVERED" | "PREPARING" | "READY"' is not assignable to type 'OrderStatus | EnumOrderStatusFieldUpdateOperationsInput | undefined'.
  Type '"CANCELLED"' is not assignable to type 'OrderStatus | EnumOrderStatusFieldUpdateOperationsInput | undefined'.
src/app/api/restaurants/[id]/orders/[orderId]/route.ts(178,7): error TS2353: Object literal may only specify known properties, and 'estimatedTime' does not exist in type 'OrderSelect<DefaultArgs>'.
src/app/api/restaurants/[id]/orders/[orderId]/route.ts(203,13): error TS2339: Property 'delivery' does not exist on type '{ id: string; createdAt: Date; updatedAt: Date; restaurantId: string; type: OrderType; userId: string | null; orderNo: string; tableNo: number | null; roomNo: string | null; ... 20 more ...; couponDiscount: number; }'.
src/app/api/restaurants/[id]/orders/[orderId]/route.ts(204,37): error TS2339: Property 'delivery' does not exist on type '{ id: string; createdAt: Date; updatedAt: Date; restaurantId: string; type: OrderType; userId: string | null; orderNo: string; tableNo: number | null; roomNo: string | null; ... 20 more ...; couponDiscount: number; }'.
src/app/api/restaurants/[id]/orders/[orderId]/route.ts(271,13): error TS2551: Property 'restaurant' does not exist on type '{ id: string; createdAt: Date; updatedAt: Date; restaurantId: string; type: OrderType; userId: string | null; orderNo: string; tableNo: number | null; roomNo: string | null; ... 20 more ...; couponDiscount: number; }'. Did you mean 'restaurantId'?
src/app/api/restaurants/[id]/orders/cleanup/route.ts(147,15): error TS2322: Type '"CANCELLED"' is not assignable to type 'OrderStatus | EnumOrderStatusFieldUpdateOperationsInput | undefined'.
src/app/api/restaurants/[id]/orders/cleanup/route.ts(171,7): error TS2322: Type '"PREPARING"' is not assignable to type 'OrderStatus | EnumOrderStatusFilter<"Order"> | undefined'.
src/app/api/restaurants/[id]/orders/cleanup/route.ts(180,15): error TS2322: Type '"READY"' is not assignable to type 'OrderStatus | EnumOrderStatusFieldUpdateOperationsInput | undefined'.
src/app/api/restaurants/[id]/orders/cleanup/route.ts(198,7): error TS2322: Type '"READY"' is not assignable to type 'OrderStatus | EnumOrderStatusFilter<"Order"> | undefined'.
src/app/api/restaurants/[id]/orders/cleanup/route.ts(207,15): error TS2322: Type '"DELIVERED"' is not assignable to type 'OrderStatus | EnumOrderStatusFieldUpdateOperationsInput | undefined'.
src/app/api/restaurants/[id]/orders/cleanup/route.ts(285,9): error TS2322: Type '"PREPARING"' is not assignable to type 'OrderStatus | EnumOrderStatusFilter<"Order"> | undefined'.
src/app/api/restaurants/[id]/orders/cleanup/route.ts(292,9): error TS2322: Type '"READY"' is not assignable to type 'OrderStatus | EnumOrderStatusFilter<"Order"> | undefined'.
src/app/api/restaurants/[id]/orders/route.ts(301,49): error TS2322: Type '"PREPARING"' is not assignable to type 'OrderStatus'.
src/app/api/restaurants/[id]/orders/route.ts(319,49): error TS2322: Type '"PREPARING"' is not assignable to type 'OrderStatus'.
src/app/api/restaurants/[id]/orders/route.ts(339,18): error TS2339: Property 'tableSession' does not exist on type '{ id: string; createdAt: Date; updatedAt: Date; restaurantId: string; type: OrderType; userId: string | null; orderNo: string; tableNo: number | null; roomNo: string | null; ... 20 more ...; couponDiscount: number; }'.
src/app/api/restaurants/[id]/orders/route.ts(340,37): error TS2339: Property 'tableSession' does not exist on type '{ id: string; createdAt: Date; updatedAt: Date; restaurantId: string; type: OrderType; userId: string | null; orderNo: string; tableNo: number | null; roomNo: string | null; ... 20 more ...; couponDiscount: number; }'.
src/app/api/restaurants/[id]/orders/route.ts(392,20): error TS2339: Property 'payment' does not exist on type '{ id: string; createdAt: Date; updatedAt: Date; restaurantId: string; type: OrderType; userId: string | null; orderNo: string; tableNo: number | null; roomNo: string | null; ... 20 more ...; couponDiscount: number; }'.
src/app/api/restaurants/[id]/orders/route.ts(394,33): error TS2339: Property 'payment' does not exist on type '{ id: string; createdAt: Date; updatedAt: Date; restaurantId: string; type: OrderType; userId: string | null; orderNo: string; tableNo: number | null; roomNo: string | null; ... 20 more ...; couponDiscount: number; }'.
src/app/api/restaurants/[id]/orders/route.ts(652,9): error TS2322: Type '{ processedByStaffId?: string | undefined; couponDiscount?: number | undefined; couponId?: string | undefined; isPrepaid?: boolean | undefined; guestName?: string | undefined; ... 22 more ...; orderNo: string; } | { ...; } | { ...; }' is not assignable to type '(Without<OrderCreateInput, OrderUncheckedCreateInput> & OrderUncheckedCreateInput) | (Without<...> & OrderCreateInput)'.
  Type '{ processedByStaffId?: string | undefined; couponDiscount?: number | undefined; couponId?: string | undefined; isPrepaid?: boolean | undefined; guestName?: string | undefined; tableNo: number | null; ... 21 more ...; orderNo: string; }' is not assignable to type '(Without<OrderCreateInput, OrderUncheckedCreateInput> & OrderUncheckedCreateInput) | (Without<...> & OrderCreateInput)'.
    Type '{ processedByStaffId?: string | undefined; couponDiscount?: number | undefined; couponId?: string | undefined; isPrepaid?: boolean | undefined; guestName?: string | undefined; tableNo: number | null; ... 21 more ...; orderNo: string; }' is not assignable to type 'Without<OrderCreateInput, OrderUncheckedCreateInput> & OrderUncheckedCreateInput'.
      Type '{ processedByStaffId?: string | undefined; couponDiscount?: number | undefined; couponId?: string | undefined; isPrepaid?: boolean | undefined; guestName?: string | undefined; tableNo: number | null; ... 21 more ...; orderNo: string; }' is not assignable to type 'OrderUncheckedCreateInput'.
        Types of property 'status' are incompatible.
          Type '"DELIVERED"' is not assignable to type 'OrderStatus | undefined'.
src/app/api/restaurants/[id]/orders/route.ts(662,9): error TS2322: Type '{ tableNo: number | null; roomNo: string | null; subtotal: number; tax: number; total: number; note: string | null; type: "DINE_IN" | "DELIVERY" | "TAKEAWAY"; estimatedTime: number; ... 14 more ...; orderNo: string; } | { ...; } | { ...; }' is not assignable to type '(Without<OrderCreateInput, OrderUncheckedCreateInput> & OrderUncheckedCreateInput) | (Without<...> & OrderCreateInput)'.
  Type '{ tableNo: number | null; roomNo: string | null; subtotal: number; tax: number; total: number; note: string | null; type: "DINE_IN" | "DELIVERY" | "TAKEAWAY"; estimatedTime: number; restaurantId: string; ... 13 more ...; orderNo: string; }' is not assignable to type '(Without<OrderCreateInput, OrderUncheckedCreateInput> & OrderUncheckedCreateInput) | (Without<...> & OrderCreateInput)'.
    Type '{ tableNo: number | null; roomNo: string | null; subtotal: number; tax: number; total: number; note: string | null; type: "DINE_IN" | "DELIVERY" | "TAKEAWAY"; estimatedTime: number; restaurantId: string; ... 13 more ...; orderNo: string; }' is not assignable to type 'Without<OrderCreateInput, OrderUncheckedCreateInput> & OrderUncheckedCreateInput'.
      Type '{ tableNo: number | null; roomNo: string | null; subtotal: number; tax: number; total: number; note: string | null; type: "DINE_IN" | "DELIVERY" | "TAKEAWAY"; estimatedTime: number; restaurantId: string; ... 13 more ...; orderNo: string; }' is not assignable to type 'OrderUncheckedCreateInput'.
        Types of property 'status' are incompatible.
          Type '"DELIVERED"' is not assignable to type 'OrderStatus | undefined'.
src/app/api/restaurants/[id]/orders/route.ts(785,11): error TS2353: Object literal may only specify known properties, and 'estimatedTime' does not exist in type 'OrderSelect<DefaultArgs>'.
src/app/api/restaurants/[id]/orders/stream/route.ts(138,15): error TS2353: Object literal may only specify known properties, and 'estimatedTime' does not exist in type 'OrderSelect<DefaultArgs>'.
src/app/api/restaurants/[id]/reports/staff/[staffId]/route.ts(99,12): error TS2367: This comparison appears to be unintentional because the types 'OrderStatus' and '"CANCELLED"' have no overlap.
src/app/api/restaurants/[id]/shifts/report/route.ts(84,27): error TS2322: Type '"CANCELLED"' is not assignable to type 'OrderStatus'.
src/app/api/restaurants/[id]/shifts/report/route.ts(130,13): error TS2339: Property 'payment' does not exist on type '{ id: string; createdAt: Date; updatedAt: Date; restaurantId: string; type: OrderType; userId: string | null; orderNo: string; tableNo: number | null; roomNo: string | null; ... 20 more ...; couponDiscount: number; }'.
src/app/api/restaurants/[id]/shifts/report/route.ts(131,25): error TS2339: Property 'bill' does not exist on type '{ id: string; createdAt: Date; updatedAt: Date; restaurantId: string; type: OrderType; userId: string | null; orderNo: string; tableNo: number | null; roomNo: string | null; ... 20 more ...; couponDiscount: number; }'.
src/app/api/restaurants/[id]/shifts/report/route.ts(187,13): error TS2339: Property 'payment' does not exist on type '{ id: string; createdAt: Date; updatedAt: Date; restaurantId: string; type: OrderType; userId: string | null; orderNo: string; tableNo: number | null; roomNo: string | null; ... 20 more ...; couponDiscount: number; }'.
src/app/api/restaurants/[id]/shifts/report/route.ts(188,25): error TS2339: Property 'bill' does not exist on type '{ id: string; createdAt: Date; updatedAt: Date; restaurantId: string; type: OrderType; userId: string | null; orderNo: string; tableNo: number | null; roomNo: string | null; ... 20 more ...; couponDiscount: number; }'.
src/app/api/restaurants/[id]/shifts/report/route.ts(229,11): error TS2339: Property 'payment' does not exist on type '{ id: string; createdAt: Date; updatedAt: Date; restaurantId: string; type: OrderType; userId: string | null; orderNo: string; tableNo: number | null; roomNo: string | null; ... 20 more ...; couponDiscount: number; }'.
src/app/api/restaurants/[id]/shifts/report/route.ts(230,23): error TS2339: Property 'bill' does not exist on type '{ id: string; createdAt: Date; updatedAt: Date; restaurantId: string; type: OrderType; userId: string | null; orderNo: string; tableNo: number | null; roomNo: string | null; ... 20 more ...; couponDiscount: number; }'.
src/app/api/restaurants/[id]/table-session/route.ts(76,27): error TS2322: Type '"DELIVERED"' is not assignable to type 'OrderStatus'.
src/app/api/restaurants/[id]/table-session/route.ts(76,40): error TS2322: Type '"CANCELLED"' is not assignable to type 'OrderStatus'.
src/app/api/track/stream/route.ts(87,19): error TS2339: Property 'estimatedTime' does not exist on type '{ restaurant: { name: string; imageUrl: string | null; slug: string; phone: string; address: string; }; items: { id: string; name: string; price: number; addOns: string | null; menuItemId: string | null; orderId: string; quantity: number; }[]; payment: { ...; } | null; bill: { ...; } | null; prepaidToken: { ...; } |...'.
src/app/api/track/stream/route.ts(92,39): error TS2339: Property 'estimatedTime' does not exist on type '{ restaurant: { name: string; imageUrl: string | null; slug: string; phone: string; address: string; }; items: { id: string; name: string; price: number; addOns: string | null; menuItemId: string | null; orderId: string; quantity: number; }[]; payment: { ...; } | null; bill: { ...; } | null; prepaidToken: { ...; } |...'.
src/lib/actions/order.ts(191,13): error TS2322: Type '"ACCEPTED" | "REJECTED" | "CANCELLED" | "DELIVERED" | "PREPARING" | "READY"' is not assignable to type 'OrderStatus | EnumOrderStatusFieldUpdateOperationsInput | undefined'.
  Type '"CANCELLED"' is not assignable to type 'OrderStatus | EnumOrderStatusFieldUpdateOperationsInput | undefined'.
src/lib/actions/order.ts(290,7): error TS2353: Object literal may only specify known properties, and 'estimatedTime' does not exist in type 'OrderSelect<DefaultArgs>'.
src/lib/billing.ts(292,25): error TS2322: Type '"CANCELLED"' is not assignable to type 'OrderStatus'.
src/lib/billing.ts(306,48): error TS2367: This comparison appears to be unintentional because the types 'OrderStatus' and '"DELIVERED"' have no overlap.
src/lib/billing.ts(308,14): error TS2339: Property 'payment' does not exist on type '{ id: string; createdAt: Date; updatedAt: Date; restaurantId: string; type: OrderType; userId: string | null; orderNo: string; tableNo: number | null; roomNo: string | null; ... 20 more ...; couponDiscount: number; }'.
src/lib/billing.ts(311,15): error TS2339: Property 'payment' does not exist on type '{ id: string; createdAt: Date; updatedAt: Date; restaurantId: string; type: OrderType; userId: string | null; orderNo: string; tableNo: number | null; roomNo: string | null; ... 20 more ...; couponDiscount: number; }'.
src/lib/billing.ts(311,28): error TS2339: Property 'payment' does not exist on type '{ id: string; createdAt: Date; updatedAt: Date; restaurantId: string; type: OrderType; userId: string | null; orderNo: string; tableNo: number | null; roomNo: string | null; ... 20 more ...; couponDiscount: number; }'.
src/lib/billing.ts(315,22): error TS2339: Property 'payment' does not exist on type '{ id: string; createdAt: Date; updatedAt: Date; restaurantId: string; type: OrderType; userId: string | null; orderNo: string; tableNo: number | null; roomNo: string | null; ... 20 more ...; couponDiscount: number; }'.
src/lib/billing.ts(316,34): error TS2339: Property 'bill' does not exist on type '{ id: string; createdAt: Date; updatedAt: Date; restaurantId: string; type: OrderType; userId: string | null; orderNo: string; tableNo: number | null; roomNo: string | null; ... 20 more ...; couponDiscount: number; }'.
src/lib/billing.ts(324,16): error TS2339: Property 'payment' does not exist on type '{ id: string; createdAt: Date; updatedAt: Date; restaurantId: string; type: OrderType; userId: string | null; orderNo: string; tableNo: number | null; roomNo: string | null; ... 20 more ...; couponDiscount: number; }'.
src/lib/billing.ts(324,75): error TS2339: Property 'payment' does not exist on type '{ id: string; createdAt: Date; updatedAt: Date; restaurantId: string; type: OrderType; userId: string | null; orderNo: string; tableNo: number | null; roomNo: string | null; ... 20 more ...; couponDiscount: number; }'.
src/lib/billing.ts(326,34): error TS2339: Property 'bill' does not exist on type '{ id: string; createdAt: Date; updatedAt: Date; restaurantId: string; type: OrderType; userId: string | null; orderNo: string; tableNo: number | null; roomNo: string | null; ... 20 more ...; couponDiscount: number; }'.
src/lib/billing.ts(330,16): error TS2339: Property 'payment' does not exist on type '{ id: string; createdAt: Date; updatedAt: Date; restaurantId: string; type: OrderType; userId: string | null; orderNo: string; tableNo: number | null; roomNo: string | null; ... 20 more ...; couponDiscount: number; }'.
src/lib/billing.ts(330,78): error TS2339: Property 'payment' does not exist on type '{ id: string; createdAt: Date; updatedAt: Date; restaurantId: string; type: OrderType; userId: string | null; orderNo: string; tableNo: number | null; roomNo: string | null; ... 20 more ...; couponDiscount: number; }'.
src/lib/billing.ts(332,34): error TS2339: Property 'bill' does not exist on type '{ id: string; createdAt: Date; updatedAt: Date; restaurantId: string; type: OrderType; userId: string | null; orderNo: string; tableNo: number | null; roomNo: string | null; ... 20 more ...; couponDiscount: number; }'.
src/lib/billing.ts(336,16): error TS2339: Property 'payment' does not exist on type '{ id: string; createdAt: Date; updatedAt: Date; restaurantId: string; type: OrderType; userId: string | null; orderNo: string; tableNo: number | null; roomNo: string | null; ... 20 more ...; couponDiscount: number; }'.
src/lib/billing.ts(336,78): error TS2339: Property 'payment' does not exist on type '{ id: string; createdAt: Date; updatedAt: Date; restaurantId: string; type: OrderType; userId: string | null; orderNo: string; tableNo: number | null; roomNo: string | null; ... 20 more ...; couponDiscount: number; }'.
src/lib/billing.ts(338,34): error TS2339: Property 'bill' does not exist on type '{ id: string; createdAt: Date; updatedAt: Date; restaurantId: string; type: OrderType; userId: string | null; orderNo: string; tableNo: number | null; roomNo: string | null; ... 20 more ...; couponDiscount: number; }'.
src/lib/billing.ts(344,23): error TS2339: Property 'payment' does not exist on type '{ id: string; createdAt: Date; updatedAt: Date; restaurantId: string; type: OrderType; userId: string | null; orderNo: string; tableNo: number | null; roomNo: string | null; ... 20 more ...; couponDiscount: number; }'.
src/lib/billing.ts(344,36): error TS2339: Property 'payment' does not exist on type '{ id: string; createdAt: Date; updatedAt: Date; restaurantId: string; type: OrderType; userId: string | null; orderNo: string; tableNo: number | null; roomNo: string | null; ... 20 more ...; couponDiscount: number; }'.
src/lib/billing.ts(345,20): error TS2367: This comparison appears to be unintentional because the types 'OrderStatus' and '"CANCELLED"' have no overlap.
src/lib/billing.ts(346,34): error TS2339: Property 'bill' does not exist on type '{ id: string; createdAt: Date; updatedAt: Date; restaurantId: string; type: OrderType; userId: string | null; orderNo: string; tableNo: number | null; roomNo: string | null; ... 20 more ...; couponDiscount: number; }'.
src/lib/billing.ts(349,22): error TS2339: Property 'bill' does not exist on type '{ id: string; createdAt: Date; updatedAt: Date; restaurantId: string; type: OrderType; userId: string | null; orderNo: string; tableNo: number | null; roomNo: string | null; ... 20 more ...; couponDiscount: number; }'.
src/lib/billing.ts(350,34): error TS2339: Property 'bill' does not exist on type '{ id: string; createdAt: Date; updatedAt: Date; restaurantId: string; type: OrderType; userId: string | null; orderNo: string; tableNo: number | null; roomNo: string | null; ... 20 more ...; couponDiscount: number; }'.
src/lib/billing.ts(355,11): error TS2339: Property 'payment' does not exist on type '{ id: string; createdAt: Date; updatedAt: Date; restaurantId: string; type: OrderType; userId: string | null; orderNo: string; tableNo: number | null; roomNo: string | null; ... 20 more ...; couponDiscount: number; }'.
src/lib/billing.ts(356,19): error TS2339: Property 'payment' does not exist on type '{ id: string; createdAt: Date; updatedAt: Date; restaurantId: string; type: OrderType; userId: string | null; orderNo: string; tableNo: number | null; roomNo: string | null; ... 20 more ...; couponDiscount: number; }'.
src/lib/billing.ts(357,45): error TS2339: Property 'bill' does not exist on type '{ id: string; createdAt: Date; updatedAt: Date; restaurantId: string; type: OrderType; userId: string | null; orderNo: string; tableNo: number | null; roomNo: string | null; ... 20 more ...; couponDiscount: number; }'.
